// Jest Snapshot v1, https://goo.gl/fbAQLP

exports[`Camera Screen should match to snapshot 1`] = `
<View
  style={
    Object {
      "backgroundColor": "#000000",
      "flex": 1,
      "paddingTop": 100,
    }
  }
>
  <RCTSafeAreaView
    style={
      Object {
        "flex": 1,
      }
    }
  >
    <View
      style={
        Object {
          "flex": 1,
        }
      }
    >
      <LooksCamera
        onResultImageExported={[Function]}
        style={
          Object {
            "borderRadius": 20,
            "height": 1000,
            "width": 750,
          }
        }
      />
      <View
        style={
          Object {
            "alignItems": "center",
            "flex": 1,
            "justifyContent": "center",
          }
        }
      >
        <View
          style={
            Object {
              "alignItems": "center",
              "borderColor": "#FFFFFF",
              "borderRadius": 35,
              "borderWidth": 2,
              "height": 70,
              "justifyContent": "center",
              "width": 70,
            }
          }
        >
          <View
            accessible={true}
            collapsable={false}
            focusable={true}
            onClick={[Function]}
            onResponderGrant={[Function]}
            onResponderMove={[Function]}
            onResponderRelease={[Function]}
            onResponderTerminate={[Function]}
            onResponderTerminationRequest={[Function]}
            onStartShouldSetResponder={[Function]}
            style={
              Object {
                "backgroundColor": "#FFFFFF",
                "borderRadius": 30,
                "height": 60,
                "opacity": 1,
                "width": 60,
              }
            }
          />
        </View>
      </View>
    </View>
  </RCTSafeAreaView>
</View>
`;
